Error de formato o datos en linea 2: Nombre,CodigoBarra,Categoria,FechaCaducidad,Marca,Precio,Stock
Error de formato o datos en linea 5: "Rechargeable Hand Warmer,3,Accessories,2025-06-04,""Liquidity Services, Inc."",92.69,926"
Error de formato o datos en linea 6: "Vegetable Medley,4,Food - Produce,2025-09-01,""Genesis Healthcare, Inc."",423.57,524"
Error de formato o datos en linea 17: "Pineapple Coconut Yogurt,15,Food - Dairy,2026-05-14,""Monro Muffler Brake, Inc."",357.7,531"
Error de formato o datos en linea 19: "Chocolate Coconut Protein Balls,17,Food - Snacks,2026-03-18,""Wynn Resorts, Limited"",256.66,833"
Error de formato o datos en linea 24: "Key Finder,22,Accessories,2026-07-24,""Lands' End, Inc."",542.35,325"
Error de formato o datos en linea 25: "Savory Breakfast Sausage,23,Food - Meats,2025-11-03,""General American Investors, Inc."",284.65,904"
Error de formato o datos en linea 31: "Sliced Avocado,29,Food - Produce,2026-07-11,""Old Line Bancshares, Inc."",939.68,709"
Error de formato o datos en linea 36: "Rolling Cooler,34,Outdoor,2025-05-27,""Varian Medical Systems, Inc."",824.97,253"
Error de formato o datos en linea 39: "Electric Wax Warmer,37,Home,2026-10-09,""Stag Industrial, Inc."",339.72,566"
Error de formato o datos en linea 40: "Apple Cinnamon Breakfast Muffins,38,Food - Bakery,2025-07-31,""Halyard Health, Inc."",334.35,160"
Error de formato o datos en linea 46: "Reusable Food Storage Bags,44,Kitchen,2026-09-13,""Gabelli Equity Trust, Inc. (The)"",556.81,440"
Error de formato o datos en linea 47: "Frozen Chicken Nuggets,45,Food - Frozen Foods,2025-04-10,""KAR Auction Services, Inc"",480.61,906"
Error de formato o datos en linea 58: "Pet Hair Removal Brush,56,Pets,2025-10-22,""Stag Industrial, Inc."",585.69,31"
Error de formato o datos en linea 61: "Spinach and Feta Stuffed Chicken Breast,59,Food - Meat,2025-05-13,""Prudential Financial, Inc."",933.57,96"
Error de formato o datos en linea 65: "Snack Container Set,63,Kitchen,2026-04-06,""First Industrial Realty Trust, Inc."",240.64,924"
Error de formato o datos en linea 66: "Multi-Port USB Hub,64,Electronics,2025-08-27,""Associated Capital Group, Inc."",123.53,239"
Error de formato o datos en linea 68: "Brazil Nuts,66,Food - Nuts,2025-11-19,""National Western Life Group, Inc."",633.07,215"
Error de formato o datos en linea 69: "Siphon Coffee Maker,67,Kitchen,2025-05-07,""Post Holdings, Inc."",776.87,805"
Error de formato o datos en linea 71: "Smartphone Photography Tripod,69,Electronics,2025-11-09,""Trinity Industries, Inc."",787.69,417"
Error de formato o datos en linea 72: "Cotton Sweatpants,70,Clothing - Bottoms,2026-12-16,""Franklin Resources, Inc."",537.42,688"
Error de formato o datos en linea 73: "Rolling Cooler,71,Outdoor,2026-12-05,""ClubCorp Holdings, Inc."",187.75,427"
Error de formato o datos en linea 76: "Chocolate Coconut Granola,74,Food - Cereals,2026-05-28,""Collectors Universe, Inc."",405.42,531"
Error de formato o datos en linea 77: "Coconut Chia Pudding,75,Food - Dairy,2025-11-22,""Summer Infant, Inc."",907.24,303"
Error de formato o datos en linea 78: "Sliced Olives,76,Food - Condiments,2026-10-30,""Zynerba Pharmaceuticals, Inc."",930.54,479"
Error de formato o datos en linea 79: "Ginger Turmeric Shots,77,Food - Beverages,2026-08-01,""Provident Financial Services, Inc"",825.45,189"
Error de formato o datos en linea 81: "Frozen Mixed Vegetables,79,Food - Frozen,2025-09-29,""Determine, Inc. "",765.13,183"
Error de formato o datos en linea 83: "Pumpkin Spice Cookies,81,Food - Bakery,2025-08-26,""Huttig Building Products, Inc."",473.04,278"
Error de formato o datos en linea 86: "Electric Pressure Washer,84,Home Improvement,2025-07-03,""Five Prime Therapeutics, Inc."",396.9,462"
Error de formato o datos en linea 88: "Under Desk Footrest,86,Office,2026-12-15,""Legg Mason, Inc."",236.61,461"
Error de formato o datos en linea 89: "Sriracha Honey Glaze,87,Food - Sauces,2026-09-13,""Ryder System, Inc."",206.59,492"
Error de formato o datos en linea 91: "Honey Sriracha Chicken Bites,89,Food - Frozen Foods,2026-12-18,""Lexicon Pharmaceuticals, Inc."",352.78,166"
Error de formato o datos en linea 94: "Wireless HDMI Receiver,92,Electronics,2026-02-05,""Digital Realty Trust, Inc."",623.96,12"
Error de formato o datos en linea 95: "Zucchini Noodles,93,Food - Vegetables,2025-04-12,Gladstone Capital Corporation,""Texto"",466"
Error de formato o datos en linea 96: "Vegetable Curry,94,Food - Frozen Foods,2026-03-24,""Snyder's-Lance, Inc."",184.58,833"
Error de formato o datos en linea 101: "Vegetable Medley,97,Food - Produce,2026-09-07,SBA Communications Corporation,305.5,""prueba"""
Barcode duplicado: 12 (Linea 105)
